<?xml version="1.0" encoding="utf-8"?><testsuites name="pytest tests"><testsuite name="pytest" errors="0" failures="0" skipped="0" tests="530" time="214.999" timestamp="2026-10-01T00:33:33.815386+08:00" hostname="autodl-container-0685439b31-5a729199"><testcase classname="tests.test_agent_runtime" name="test_role_chain_invokes_provider_then_persists_before_validation" time="0.007" /><testcase classname="tests.test_agent_runtime" name="test_invalid_schema_stays_auditable_and_propagates_to_workflow" time="0.001" /><testcase classname="tests.test_agent_runtime" name="test_checkpoint_prevents_provider_execution" time="0.001" /><testcase classname="tests.test_agent_runtime" name="test_provider_failure_propagates_without_hidden_framework_retry" time="0.001" /><testcase classname="tests.test_agent_runtime" name="test_retrieval_is_a_typed_tool_and_preserves_task_graph_filters" time="0.001" /><testcase classname="tests.test_agent_runtime" name="test_tool_rejects_invalid_arguments_before_storage_access[overrides0]" time="0.001" /><testcase classname="tests.test_agent_runtime" name="test_tool_rejects_invalid_arguments_before_storage_access[overrides1]" time="0.001" /><testcase classname="tests.test_agent_runtime" name="test_tool_rejects_invalid_arguments_before_storage_access[overrides2]" time="0.001" /><testcase classname="tests.test_agent_runtime" name="test_tool_rejects_invalid_arguments_before_storage_access[overrides3]" time="0.001" /><testcase classname="tests.test_agent_runtime" name="test_tool_rejects_invalid_arguments_before_storage_access[overrides4]" time="0.001" /><testcase classname="tests.test_agent_runtime" name="test_tool_rejects_invalid_arguments_before_storage_access[overrides5]" time="0.001" /><testcase classname="tests.test_agent_runtime" name="test_tool_rejects_invalid_arguments_before_storage_access[overrides6]" time="0.001" /><testcase classname="tests.test_agent_runtime" name="test_tool_rejects_invalid_arguments_before_storage_access[overrides7]" time="0.001" /><testcase classname="tests.test_agent_runtime" name="test_tool_rejects_invalid_arguments_before_storage_access[overrides8]" time="0.001" /><testcase classname="tests.test_agent_runtime" name="test_external_tracing_is_disabled_even_if_environment_enables_it" time="0.002" /><testcase classname="tests.test_api" name="test_health_and_invalid_request_do_not_expose_configuration" time="0.762" /><testcase classname="tests.test_api" name="test_unhandled_future_failure_is_reconciled" time="1.148" /><testcase classname="tests.test_api" name="test_artifact_path_cannot_escape_run_directory" time="0.848" /><testcase classname="tests.test_api" name="test_visual_configuration_has_api_and_future_local_14b_without_secrets" time="0.660" /><testcase classname="tests.test_api" name="test_visual_run_metrics_resources_and_timeline_are_compact" time="0.779" /><testcase classname="tests.test_data_contracts" name="test_sms_preserves_tabs_and_quotes" time="0.003" /><testcase classname="tests.test_data_contracts" name="test_sms_rejects_invalid_labels" time="0.003" /><testcase classname="tests.test_data_contracts" name="test_equivalent_sms_share_split_group" time="0.002" /><testcase classname="tests.test_data_contracts" name="test_modified_cache_is_rejected_without_network" time="0.003" /><testcase classname="tests.test_data_contracts" name="test_bank_precontact_policy" time="0.002" /><testcase classname="tests.test_dataset_runtime" name="test_public_dataset_split_and_label_sealing[bank-counts0]" time="0.666" /><testcase classname="tests.test_dataset_runtime" name="test_public_dataset_split_and_label_sealing[sms-counts1]" time="0.737" /><testcase classname="tests.test_dataset_runtime" name="test_corrupted_source_is_rejected" time="0.001" /><testcase classname="tests.test_dataset_runtime" name="test_unknown_dataset_is_explicit_error" time="0.001" /><testcase classname="tests.test_evidence_export" name="test_export_preserves_failed_attempts_usage_mode_and_hashes" time="0.013" /><testcase classname="tests.test_evidence_export" name="test_unsafe_identity_is_rejected[../outside-demo]" time="0.003" /><testcase classname="tests.test_evidence_export" name="test_unsafe_identity_is_rejected[aaaaaaaaaaaaaaaaaaaaaaaaaaaaaaaa-../outside]" time="0.003" /><testcase classname="tests.test_evidence_export" name="test_unsafe_identity_is_rejected[aaaaaaaaaaaaaaaaaaaaaaaaaaaaaaaa-/tmp/export]" time="0.003" /><testcase classname="tests.test_evidence_export" name="test_unsafe_identity_is_rejected[aaaaaaaaaaaaaaaaaaaaaaaaaaaaaaaa-a/b]" time="0.003" /><testcase classname="tests.test_evidence_export" name="test_source_path_escape_is_rejected_before_read" time="0.084" /><testcase classname="tests.test_evidence_export" name="test_source_symlink_outside_project_is_rejected" time="0.004" /><testcase classname="tests.test_evidence_export" name="test_destination_symlink_escape_is_rejected" time="0.003" /><testcase classname="tests.test_evidence_export" name="test_credential_like_content_aborts_without_echoing[report]" time="0.004" /><testcase classname="tests.test_evidence_export" name="test_credential_like_content_aborts_without_echoing[code]" time="0.004" /><testcase classname="tests.test_evidence_export" name="test_credential_like_content_aborts_without_echoing[verification]" time="0.004" /><testcase classname="tests.test_evidence_export" name="test_credential_like_content_aborts_without_echoing[note]" time="0.003" /><testcase classname="tests.test_evidence_export" name="test_source_hash_mismatch_aborts" time="0.004" /><testcase classname="tests.test_evidence_export" name="test_public_provider_authentication_mode_is_not_a_credential[none]" time="0.011" /><testcase classname="tests.test_evidence_export" name="test_public_provider_authentication_mode_is_not_a_credential[bearer]" time="0.011" /><testcase classname="tests.test_evidence_export" name="test_auth_mode_exception_is_limited_to_exact_path_and_enum[extra0]" time="0.004" /><testcase classname="tests.test_evidence_export" name="test_auth_mode_exception_is_limited_to_exact_path_and_enum[extra1]" time="0.004" /><testcase classname="tests.test_evidence_export" name="test_auth_mode_exception_is_limited_to_exact_path_and_enum[extra2]" time="0.004" /><testcase classname="tests.test_evidence_export" name="test_auth_mode_exception_is_limited_to_exact_path_and_enum[extra3]" time="0.004" /><testcase classname="tests.test_evidence_export" name="test_existing_bundle_is_not_overwritten" time="0.011" /><testcase classname="tests.test_evidence_export" name="test_failed_generation_with_no_artifact_is_not_fabricated" time="0.006" /><testcase classname="tests.test_evidence_export" name="test_standalone_cli_uses_temp_fixture_without_loading_env" time="0.047" /><testcase classname="tests.test_execution_adversarial" name="test_prediction_stability_allows_only_float_summation_noise" time="0.001" /><testcase classname="tests.test_execution_adversarial" name="test_callbacks_paths_oversubscription_and_numeric_bombs_are_rejected[sklearn.feature_extraction.text-TfidfVectorizer-TfidfVectorizer(input='file')]" time="0.001" /><testcase classname="tests.test_execution_adversarial" name="test_callbacks_paths_oversubscription_and_numeric_bombs_are_rejected[sklearn.feature_extraction.text-TfidfVectorizer-TfidfVectorizer(input='filename')]" time="0.001" /><testcase classname="tests.test_execution_adversarial" name="test_callbacks_paths_oversubscription_and_numeric_bombs_are_rejected[sklearn.feature_extraction.text-CountVectorizer-CountVectorizer(input='filename')]" time="0.001" /><testcase classname="tests.test_execution_adversarial" name="test_callbacks_paths_oversubscription_and_numeric_bombs_are_rejected[sklearn.feature_extraction.text-CountVectorizer-CountVectorizer('filename')]" time="0.001" /><testcase classname="tests.test_execution_adversarial" name="test_callbacks_paths_oversubscription_and_numeric_bombs_are_rejected[sklearn.feature_extraction.text-TfidfVectorizer-TfidfVectorizer(tokenizer='callback')]" time="0.001" /><testcase classname="tests.test_execution_adversarial" name="test_callbacks_paths_oversubscription_and_numeric_bombs_are_rejected[sklearn.feature_extraction.text-TfidfVectorizer-TfidfVectorizer(preprocessor='callback')]" time="0.001" /><testcase classname="tests.test_execution_adversarial" name="test_callbacks_paths_oversubscription_and_numeric_bombs_are_rejected[sklearn.feature_extraction.text-TfidfVectorizer-TfidfVectorizer(analyzer='callback')]" time="0.001" /><testcase classname="tests.test_execution_adversarial" name="test_callbacks_paths_oversubscription_and_numeric_bombs_are_rejected[sklearn.preprocessing-FunctionTransformer-FunctionTransformer()]" time="0.001" /><testcase classname="tests.test_execution_adversarial" name="test_callbacks_paths_oversubscription_and_numeric_bombs_are_rejected[sklearn.preprocessing-OneHotEncoder-OneHotEncoder(feature_name_combiner=lambda x,y: x)]" time="0.001" /><testcase classname="tests.test_execution_adversarial" name="test_callbacks_paths_oversubscription_and_numeric_bombs_are_rejected[sklearn.pipeline-Pipeline-Pipeline([], '/tmp/cache')]" time="0.001" /><testcase classname="tests.test_execution_adversarial" name="test_callbacks_paths_oversubscription_and_numeric_bombs_are_rejected[sklearn.pipeline-Pipeline-Pipeline([], memory='/tmp/cache')]" time="0.001" /><testcase classname="tests.test_execution_adversarial" name="test_callbacks_paths_oversubscription_and_numeric_bombs_are_rejected[sklearn.ensemble-RandomForestClassifier-RandomForestClassifier(n_jobs=-1,random_state=42)]" time="0.001" /><testcase classname="tests.test_execution_adversarial" name="test_callbacks_paths_oversubscription_and_numeric_bombs_are_rejected[sklearn.ensemble-RandomForestClassifier-RandomForestClassifier(n_jobs=3,random_state=42)]" time="0.001" /><testcase classname="tests.test_execution_adversarial" name="test_callbacks_paths_oversubscription_and_numeric_bombs_are_rejected[sklearn.compose-ColumnTransformer-ColumnTransformer([],n_jobs=-1)]" time="0.001" /><testcase classname="tests.test_execution_adversarial" name="test_callbacks_paths_oversubscription_and_numeric_bombs_are_rejected[sklearn.ensemble-RandomForestClassifier-RandomForestClassifier(n_estimators=1001,random_state=42)]" time="0.001" /><testcase classname="tests.test_execution_adversarial" name="test_callbacks_paths_oversubscription_and_numeric_bombs_are_rejected[sklearn.ensemble-RandomForestClassifier-RandomForestClassifier(max_depth=65,random_state=42)]" time="0.001" /><testcase classname="tests.test_execution_adversarial" name="test_callbacks_paths_oversubscription_and_numeric_bombs_are_rejected[sklearn.linear_model-LogisticRegression-LogisticRegression(max_iter=10001)]" time="0.001" /><testcase classname="tests.test_execution_adversarial" name="test_callbacks_paths_oversubscription_and_numeric_bombs_are_rejected[sklearn.feature_extraction.text-CountVectorizer-CountVectorizer(max_features=100001)]" time="0.001" /><testcase classname="tests.test_execution_adversarial" name="test_callbacks_paths_oversubscription_and_numeric_bombs_are_rejected[sklearn.linear_model-LogisticRegression-LogisticRegression(C=1e309)]" time="0.001" /><testcase classname="tests.test_execution_adversarial" name="test_callbacks_paths_oversubscription_and_numeric_bombs_are_rejected[sklearn.linear_model-LogisticRegression-LogisticRegression(C=9999999999999999999999999999999999999999999999999999999999999999999999999999999999999999999999999999999999999999999999999999999999999999999999999999999999999999999999999999999999999999999999999999999999999999999999999999999999999999999999999999999999999999999999999999999999999999999999999999999999999999999999999999999999999999999999999999999999999999999999999999999999999999999999999999999999999999)]" time="0.001" /><testcase classname="tests.test_execution_adversarial" name="test_callbacks_paths_oversubscription_and_numeric_bombs_are_rejected[sklearn.tree-DecisionTreeClassifier-DecisionTreeClassifier()]" time="0.001" /><testcase classname="tests.test_execution_adversarial" name="test_callbacks_paths_oversubscription_and_numeric_bombs_are_rejected[sklearn.ensemble-ExtraTreesClassifier-ExtraTreesClassifier(random_state=None)]" time="0.001" /><testcase classname="tests.test_execution_adversarial" name="test_oversubscription_bound_respects_requested_single_cpu" time="0.001" /><testcase classname="tests.test_execution_adversarial" name="test_actual_algorithm_metadata_is_deterministic[logistic-LogisticRegression]" time="0.001" /><testcase classname="tests.test_execution_adversarial" name="test_actual_algorithm_metadata_is_deterministic[forest-RandomForestClassifier]" time="0.001" /><testcase classname="tests.test_execution_adversarial" name="test_actual_algorithm_metadata_is_deterministic[extra_trees-ExtraTreesClassifier]" time="0.001" /><testcase classname="tests.test_execution_adversarial" name="test_actual_algorithm_metadata_is_deterministic[dummy-DummyClassifier]" time="0.001" /><testcase classname="tests.test_execution_adversarial" name="test_actual_algorithm_tracks_nested_final_pipeline_not_other_constructors" time="0.001" /><testcase classname="tests.test_execution_adversarial" name="test_robustness_check_must_be_explicit_true[False]" time="0.001" /><testcase classname="tests.test_execution_adversarial" name="test_robustness_check_must_be_explicit_true[0]" time="0.001" /><testcase classname="tests.test_execution_adversarial" name="test_robustness_check_must_be_explicit_true[1]" time="0.001" /><testcase classname="tests.test_execution_adversarial" name="test_robustness_check_must_be_explicit_true[true]" time="0.001" /><testcase classname="tests.test_execution_adversarial" name="test_robustness_check_must_be_explicit_true[None]" time="0.001" /><testcase classname="tests.test_execution_adversarial" name="test_missing_duplicate_or_malformed_robustness_check_fails_closed" time="0.001" /><testcase classname="tests.test_execution_adversarial" name="test_clean_environment_requires_explicit_negative_evidence[True-api_key_environment_present]" time="0.001" /><testcase classname="tests.test_execution_adversarial" name="test_clean_environment_requires_explicit_negative_evidence[True-validation_labels_received]" time="0.001" /><testcase classname="tests.test_execution_adversarial" name="test_clean_environment_requires_explicit_negative_evidence[True-test_received]" time="0.001" /><testcase classname="tests.test_execution_adversarial" name="test_clean_environment_requires_explicit_negative_evidence[None-api_key_environment_present]" time="0.001" /><testcase classname="tests.test_execution_adversarial" name="test_clean_environment_requires_explicit_negative_evidence[None-validation_labels_received]" time="0.001" /><testcase classname="tests.test_execution_adversarial" name="test_clean_environment_requires_explicit_negative_evidence[None-test_received]" time="0.001" /><testcase classname="tests.test_execution_adversarial" name="test_clean_environment_requires_explicit_negative_evidence[0-api_key_environment_present]" time="0.001" /><testcase classname="tests.test_execution_adversarial" name="test_clean_environment_requires_explicit_negative_evidence[0-validation_labels_received]" time="0.001" /><testcase classname="tests.test_execution_adversarial" name="test_clean_environment_requires_explicit_negative_evidence[0-test_received]" time="0.001" /><testcase classname="tests.test_execution_adversarial" name="test_clean_environment_requires_explicit_negative_evidence[false-api_key_environment_present]" time="0.001" /><testcase classname="tests.test_execution_adversarial" name="test_clean_environment_requires_explicit_negative_evidence[false-validation_labels_received]" time="0.001" /><testcase classname="tests.test_execution_adversarial" name="test_clean_environment_requires_explicit_negative_evidence[false-test_received]" time="0.001" /><testcase classname="tests.test_execution_compiler" name="test_reference_compiles_to_json_safe_plan[logistic]" time="0.001" /><testcase classname="tests.test_execution_compiler" name="test_reference_compiles_to_json_safe_plan[forest]" time="0.001" /><testcase classname="tests.test_execution_compiler" name="test_reference_compiles_to_json_safe_plan[extra_trees]" time="0.001" /><testcase classname="tests.test_execution_compiler" name="test_reference_compiles_to_json_safe_plan[dummy]" time="0.001" /><testcase classname="tests.test_execution_compiler" name="test_text_reference_compiles[logistic]" time="0.001" /><testcase classname="tests.test_execution_compiler" name="test_text_reference_compiles[nb]" time="0.001" /><testcase classname="tests.test_execution_compiler" name="test_text_reference_compiles[dummy]" time="0.001" /><testcase classname="tests.test_execution_compiler" name="test_rejects_escapes_and_resource_bombs[import os\ndef build_pipeline(task_spec):\n    return os.system('true')]" time="0.001" /><testcase classname="tests.test_execution_compiler" name="test_rejects_escapes_and_resource_bombs[from os import system\ndef build_pipeline(task_spec):\n    return system('true')]" time="0.001" /><testcase classname="tests.test_execution_compiler" name="test_rejects_escapes_and_resource_bombs[def build_pipeline(task_spec):\n    return __import__('os')]" time="0.001" /><testcase classname="tests.test_execution_compiler" name="test_rejects_escapes_and_resource_bombs[def build_pipeline(task_spec):\n    return open('/etc/passwd')]" time="0.001" /><testcase classname="tests.test_execution_compiler" name="test_rejects_escapes_and_resource_bombs[def build_pipeline(task_spec):\n    return eval('1')]" time="0.001" /><testcase classname="tests.test_execution_compiler" name="test_rejects_escapes_and_resource_bombs[def build_pipeline(task_spec):\n    return task_spec.__class__]" time="0.001" /><testcase classname="tests.test_execution_compiler" name="test_rejects_escapes_and_resource_bombs[def build_pipeline(task_spec):\n    return task_spec['validation_labels_path']]" time="0.001" /><testcase classname="tests.test_execution_compiler" name="test_rejects_escapes_and_resource_bombs[def build_pipeline(task_spec):\n    return [x for x in range(10)]]" time="0.001" /><testcase classname="tests.test_execution_compiler" name="test_rejects_escapes_and_resource_bombs[def build_pipeline(task_spec):\n    while True:\n        pass]" time="0.001" /><testcase classname="tests.test_execution_compiler" name="test_rejects_escapes_and_resource_bombs[@print\ndef build_pipeline(task_spec):\n    return 1]" time="0.001" /><testcase classname="tests.test_execution_compiler" name="test_rejects_escapes_and_resource_bombs[def build_pipeline(task_spec):\n    return (lambda: 1)()]" time="0.001" /><testcase classname="tests.test_execution_compiler" name="test_rejects_escapes_and_resource_bombs[from sklearn.pipeline import Pipeline as Evil\ndef build_pipeline(task_spec):\n    return Evil([])]" time="0.001" /><testcase classname="tests.test_execution_compiler" name="test_rejects_escapes_and_resource_bombs[from sklearn.pipeline import Pipeline\ndef build_pipeline(task_spec):\n    Pipeline = 'x'\n    return Pipeline([])]" time="0.001" /><testcase classname="tests.test_execution_compiler" name="test_rejects_escapes_and_resource_bombs[from sklearn.pipeline import Pipeline\ndef build_pipeline(task_spec):\n    p = Pipeline([])\n    return p.set_params()]" time="0.001" /><testcase classname="tests.test_execution_compiler" name="test_rejects_escapes_and_resource_bombs[from sklearn.pipeline import Pipeline\ndef build_pipeline(task_spec):\n    return Pipeline([], memory='/tmp/cache')]" time="0.001" /><testcase classname="tests.test_execution_compiler" name="test_rejects_escapes_and_resource_bombs[from sklearn.pipeline import Pipeline\nfrom sklearn.feature_extraction.text import TfidfVectorizer\ndef build_pipeline(task_spec):\n    return Pipeline([('v', TfidfVectorizer(input='filename'))])]" time="0.001" /><testcase classname="tests.test_execution_compiler" name="test_rejects_escapes_and_resource_bombs[from sklearn.pipeline import Pipeline\nfrom sklearn.feature_extraction.text import TfidfVectorizer\ndef build_pipeline(task_spec):\n    return Pipeline([('v', TfidfVectorizer('filename'))])]" time="0.001" /><testcase classname="tests.test_execution_compiler" name="test_rejects_escapes_and_resource_bombs[from sklearn.pipeline import Pipeline\nfrom sklearn.ensemble import RandomForestClassifier\ndef build_pipeline(task_spec):\n    return Pipeline([('m', RandomForestClassifier(n_estimators=999999999))])]" time="0.001" /><testcase classname="tests.test_execution_compiler" name="test_rejects_escapes_and_resource_bombs[from sklearn.pipeline import Pipeline\nfrom sklearn.ensemble import RandomForestClassifier\ndef build_pipeline(task_spec):\n    return Pipeline([('m', RandomForestClassifier(n_jobs=-1))])]" time="0.001" /><testcase classname="tests.test_execution_compiler" name="test_exponential_assignment_expansion_is_bounded" time="0.007" /><testcase classname="tests.test_execution_compiler" name="test_failure_injection_and_unknown_variant_are_explicit" time="0.001" /><testcase classname="tests.test_execution_metrics" name="test_probability_class_order_and_rank_metrics" time="0.003" /><testcase classname="tests.test_execution_metrics" name="test_probability_contract_rejects_corruption[patch0]" time="0.001" /><testcase classname="tests.test_execution_metrics" name="test_probability_contract_rejects_corruption[patch1]" time="0.001" /><testcase classname="tests.test_execution_metrics" name="test_probability_contract_rejects_corruption[patch2]" time="0.001" /><testcase classname="tests.test_execution_metrics" name="test_probability_contract_rejects_corruption[patch3]" time="0.001" /><testcase classname="tests.test_execution_metrics" name="test_probability_contract_rejects_corruption[patch4]" time="0.001" /><testcase classname="tests.test_execution_metrics" name="test_probability_contract_rejects_corruption[patch5]" time="0.001" /><testcase classname="tests.test_execution_metrics" name="test_probability_contract_rejects_corruption[patch6]" time="0.001" /><testcase classname="tests.test_execution_metrics" name="test_probability_contract_rejects_corruption[patch7]" time="0.001" /><testcase classname="tests.test_execution_metrics" name="test_probability_contract_rejects_corruption[patch8]" time="0.001" /><testcase classname="tests.test_execution_metrics" name="test_probability_contract_rejects_corruption[patch9]" time="0.001" /><testcase classname="tests.test_execution_metrics" name="test_probability_contract_rejects_corruption[patch10]" time="0.001" /><testcase classname="tests.test_execution_metrics" name="test_probability_contract_rejects_corruption[patch11]" time="0.001" /><testcase classname="tests.test_execution_metrics" name="test_probability_contract_rejects_corruption[patch12]" time="0.001" /><testcase classname="tests.test_execution_metrics" name="test_constant_prior_average_precision_is_prevalence" time="0.003" /><testcase classname="tests.test_execution_metrics" name="test_metric_inputs_must_be_valid[labels0-scores0]" time="0.001" /><testcase classname="tests.test_execution_metrics" name="test_metric_inputs_must_be_valid[labels1-scores1]" time="0.001" /><testcase classname="tests.test_execution_metrics" name="test_metric_inputs_must_be_valid[labels2-scores2]" time="0.001" /><testcase classname="tests.test_execution_metrics" name="test_metric_inputs_must_be_valid[labels3-scores3]" time="0.001" /><testcase classname="tests.test_execution_runtime" name="test_complete_candidate_withheld_labels_and_clean_environment" time="1.087" /><testcase classname="tests.test_execution_runtime" name="test_baseline_is_scoreable_without_faking_quality" time="0.868" /><testcase classname="tests.test_execution_runtime" name="test_runtime_failure_has_actionable_repair_evidence[unknown_parameter]" time="0.762" /><testcase classname="tests.test_execution_runtime" name="test_runtime_failure_has_actionable_repair_evidence[unknown_category]" time="0.862" /><testcase classname="tests.test_execution_runtime" name="test_runtime_failure_has_actionable_repair_evidence[missing_imputer]" time="0.862" /><testcase classname="tests.test_execution_runtime" name="test_policy_failure_never_spawns_worker" time="0.005" /><testcase classname="tests.test_execution_runtime" name="test_generated_classifier_must_match_plan_before_execution" time="0.007" /><testcase classname="tests.test_execution_runtime" name="test_runner_rejects_invalid_worker_evidence[false]" time="0.009" /><testcase classname="tests.test_execution_runtime" name="test_runner_rejects_invalid_worker_evidence[missing]" time="0.009" /><testcase classname="tests.test_execution_runtime" name="test_runner_rejects_invalid_worker_evidence[bad_environment]" time="0.008" /><testcase classname="tests.test_execution_runtime" name="test_timeout_terminates_process_group" time="0.013" /><testcase classname="tests.test_execution_runtime" name="test_cancellation_terminates_running_worker" time="0.060" /><testcase classname="tests.test_execution_runtime" name="test_dataset_corruption_is_not_repaired_by_model" time="0.044" /><testcase classname="tests.test_execution_runtime" name="test_same_seed_yields_identical_predictions[logistic]" time="1.789" /><testcase classname="tests.test_execution_runtime" name="test_same_seed_yields_identical_predictions[forest]" time="2.033" /><testcase classname="tests.test_execution_runtime" name="test_low_memory_limit_is_enforced" time="0.161" /><testcase classname="tests.test_experiment_runner" name="test_smoke_and_full_matrix_use_exact_profiles" time="0.008" /><testcase classname="tests.test_experiment_runner" name="test_filters_and_matrix_fingerprint_are_reproducible" time="0.003" /><testcase classname="tests.test_experiment_runner" name="test_invalid_matrix_requests_are_rejected[kwargs0]" time="0.002" /><testcase classname="tests.test_experiment_runner" name="test_invalid_matrix_requests_are_rejected[kwargs1]" time="0.002" /><testcase classname="tests.test_experiment_runner" name="test_invalid_matrix_requests_are_rejected[kwargs2]" time="0.002" /><testcase classname="tests.test_experiment_runner" name="test_invalid_matrix_requests_are_rejected[kwargs3]" time="0.002" /><testcase classname="tests.test_experiment_runner" name="test_invalid_matrix_requests_are_rejected[kwargs4]" time="0.002" /><testcase classname="tests.test_experiment_runner" name="test_invalid_matrix_requests_are_rejected[kwargs5]" time="0.002" /><testcase classname="tests.test_experiment_runner" name="test_summary_excludes_unstarted_and_missing_scores" time="0.003" /><testcase classname="tests.test_experiment_runner" name="test_summary_rejects_duplicate_observations_and_keeps_nan_missing" time="0.003" /><testcase classname="tests.test_experiment_runner" name="test_summary_does_not_average_ap_across_different_datasets" time="0.002" /><testcase classname="tests.test_experiment_runner" name="test_dry_run_writes_plan_and_zero_observations_without_workflows" time="0.031" /><testcase classname="tests.test_experiment_runner" name="test_matrix_preregisters_isolates_stores_and_records_actual_results" time="0.068" /><testcase classname="tests.test_experiment_runner" name="test_harness_errors_do_not_become_completed_runs_or_expose_exception_secrets" time="0.101" /><testcase classname="tests.test_experiment_runner" name="test_interrupt_retains_observations_and_leaves_remaining_runs_unstarted" time="0.038" /><testcase classname="tests.test_extraction_evidence" name="test_structural_metrics_do_not_become_semantic_precision" time="0.003" /><testcase classname="tests.test_extraction_evidence" name="test_unknown_source_and_modified_excerpt_are_visible" time="0.003" /><testcase classname="tests.test_extraction_evidence" name="test_empty_fields_and_exact_duplicates_are_counted" time="0.003" /><testcase classname="tests.test_extraction_evidence" name="test_empty_record_has_undefined_rates" time="0.003" /><testcase classname="tests.test_extraction_evidence" name="test_invalid_card_shapes_do_not_crash" time="0.002" /><testcase classname="tests.test_extraction_evidence" name="test_method_mislabeled_as_metric_is_flagged" time="0.002" /><testcase classname="tests.test_extraction_evidence" name="test_exact_assertion_agreement_is_computed_only_with_compatible_output" time="0.002" /><testcase classname="tests.test_extraction_evidence" name="test_public_export_allowlist_removes_secrets_paths_and_raw_logs" time="0.003" /><testcase classname="tests.test_extraction_evidence" name="test_committed_public_evidence_is_small_and_contains_only_public_payload" time="0.001" /><testcase classname="tests.test_graph_explorer" name="test_empty_explorer_and_legacy_graph_are_well_formed" time="0.790" /><testcase classname="tests.test_graph_explorer" name="test_focus_supports_colons_and_exact_provenance_paths" time="1.005" /><testcase classname="tests.test_graph_explorer" name="test_comma_filters_global_legends_and_focus_retention" time="0.936" /><testcase classname="tests.test_graph_explorer" name="test_limits_report_every_omission_and_never_dangle_edges" time="1.446" /><testcase classname="tests.test_graph_explorer" name="test_explorer_rejects_unbounded_parameters[params0]" time="0.491" /><testcase classname="tests.test_graph_explorer" name="test_explorer_rejects_unbounded_parameters[params1]" time="0.756" /><testcase classname="tests.test_graph_explorer" name="test_explorer_rejects_unbounded_parameters[params2]" time="0.535" /><testcase classname="tests.test_graph_explorer" name="test_explorer_rejects_unbounded_parameters[params3]" time="0.847" /><testcase classname="tests.test_graph_explorer" name="test_explorer_rejects_unbounded_parameters[params4]" time="0.748" /><testcase classname="tests.test_graph_explorer" name="test_explorer_rejects_unbounded_parameters[params5]" time="0.588" /><testcase classname="tests.test_graph_explorer" name="test_explorer_rejects_unbounded_parameters[params6]" time="1.061" /><testcase classname="tests.test_graph_explorer" name="test_explorer_rejects_unbounded_parameters[params7]" time="0.475" /><testcase classname="tests.test_graph_explorer" name="test_unknown_focus_and_filters_have_explicit_behavior" time="0.939" /><testcase classname="tests.test_graph_explorer" name="test_capability_details_preserve_versions_and_evidence" time="0.771" /><testcase classname="tests.test_graph_explorer" name="test_explorer_omits_source_code_and_preserves_raw_endpoint" time="1.152" /><testcase classname="tests.test_graph_explorer" name="test_summary_translates_quality_and_real_check_lists_without_changing_report" time="0.906" /><testcase classname="tests.test_graph_explorer" name="test_missing_checks_are_unknown_not_passed" time="0.001" /><testcase classname="tests.test_graph_export" name="test_graphml_is_deterministic_and_keeps_nested_properties" time="0.003" /><testcase classname="tests.test_graph_export" name="test_graphml_rejects_duplicate_or_dangling_graph_facts" time="0.002" /><testcase classname="tests.test_graph_export" name="test_graphml_rejects_non_object_properties" time="0.002" /><testcase classname="tests.test_inference_config" name="test_local_profile_metadata_describes_static_four_gpu_plan" time="0.002" /><testcase classname="tests.test_inference_config" name="test_settings_reads_local_profile_without_exporting_secret" time="0.004" /><testcase classname="tests.test_inference_config" name="test_four_gpu_profile_derives_four_local_endpoints" time="0.003" /><testcase classname="tests.test_inference_config" name="test_local_profile_metadata_redacts_unsafe_endpoints" time="0.003" /><testcase classname="tests.test_inference_config" name="test_api_exposes_sanitized_local_profile_for_visual_console" time="0.755" /><testcase classname="tests.test_inference_plans" name="test_all_profiles_have_valid_static_plans[api]" time="0.002" /><testcase classname="tests.test_inference_plans" name="test_all_profiles_have_valid_static_plans[single_gpu]" time="0.002" /><testcase classname="tests.test_inference_plans" name="test_all_profiles_have_valid_static_plans[single_gpu_14b]" time="0.002" /><testcase classname="tests.test_inference_plans" name="test_all_profiles_have_valid_static_plans[four_gpu_14b]" time="0.002" /><testcase classname="tests.test_inference_plans" name="test_four_gpu_profile_has_four_single_card_groups" time="0.002" /><testcase classname="tests.test_inference_plans" name="test_gpu_overlap_rejected" time="0.002" /><testcase classname="tests.test_inference_plans" name="test_tp_three_is_rejected_for_40_attention_heads" time="0.002" /><testcase classname="tests.test_inference_plans" name="test_insufficient_devices_rejected" time="0.002" /><testcase classname="tests.test_inference_plans" name="test_four_gpu_14b_profile_is_four_single_gpu_replicas" time="0.002" /><testcase classname="tests.test_inference_plans" name="test_local_runtime_plan_is_explicitly_not_deployed" time="0.001" /><testcase classname="tests.test_knowledge_runtime" name="test_real_corpus_has_verified_locators_and_distinct_origins" time="1.181" /><testcase classname="tests.test_knowledge_runtime" name="test_ingestion_is_idempotent_and_leaves_no_orphan_edges" time="1.121" /><testcase classname="tests.test_knowledge_runtime" name="test_graph_paths_actually_change_ranking_scores" time="1.164" /><testcase classname="tests.test_knowledge_runtime" name="test_task_filter_prevents_cross_domain_suggestions" time="1.014" /><testcase classname="tests.test_knowledge_runtime" name="test_ast_ingestion_never_executes_source" time="0.004" /><testcase classname="tests.test_knowledge_runtime" name="test_document_marker_is_required" time="0.003" /><testcase classname="tests.test_knowledge_runtime" name="test_llm_extraction_requires_real_sources_and_never_self_verifies" time="0.974" /><testcase classname="tests.test_knowledge_runtime" name="test_extractor_failure_is_reported_not_labeled_as_success" time="0.773" /><testcase classname="tests.test_knowledge_runtime" name="test_capability_versions_are_immutable_and_linked" time="1.362" /><testcase classname="tests.test_knowledge_runtime" name="test_failed_runs_and_updated_reports_preserve_history" time="0.859" /><testcase classname="tests.test_knowledge_runtime" name="test_concurrent_events_have_unique_contiguous_sequence" time="2.333" /><testcase classname="tests.test_knowledge_runtime" name="test_unvalidated_failure_is_kept_but_not_trusted_for_retrieval" time="1.191" /><testcase classname="tests.test_knowledge_runtime" name="test_validated_repair_has_run_provenance_and_is_retrievable" time="1.552" /><testcase classname="tests.test_knowledge_runtime" name="test_run_artifact_and_dataset_relations" time="0.763" /><testcase classname="tests.test_knowledge_runtime" name="test_in_memory_database_and_repeated_initialize" time="0.004" /><testcase classname="tests.test_knowledge_runtime" name="test_malformed_llm_relations_do_not_rollback_manual_corpus" time="0.751" /><testcase classname="tests.test_knowledge_runtime" name="test_llm_cannot_replace_curated_seed_identity" time="1.131" /><testcase classname="tests.test_knowledge_runtime" name="test_attempt_artifacts_form_repair_and_capability_lineage" time="1.661" /><testcase classname="tests.test_knowledge_runtime" name="test_validated_candidate_survives_aggregate_orchestration_failure" time="1.016" /><testcase classname="tests.test_knowledge_runtime" name="test_extraction_agreement_does_not_treat_missing_output_as_perfect" time="0.002" /><testcase classname="tests.test_knowledge_runtime" name="test_gold_assertions_have_existing_source_keys" time="1.029" /><testcase classname="tests.test_knowledge_schema" name="test_orphan_edge_is_rejected" time="0.003" /><testcase classname="tests.test_knowledge_schema" name="test_unknown_node_type_is_rejected" time="0.003" /><testcase classname="tests.test_knowledge_schema" name="test_schema_can_be_applied_idempotently" time="0.003" /><testcase classname="tests.test_openai_integration" name="test_api_catalog_has_four_providers_and_safe_openai_metadata[https://api.openai.com/v1-official_api]" time="0.694" /><testcase classname="tests.test_openai_integration" name="test_api_catalog_has_four_providers_and_safe_openai_metadata[https://gateway.example/v1-openai_compatible_api]" time="0.388" /><testcase classname="tests.test_openai_integration" name="test_api_missing_openai_key_keeps_option_visible_without_claiming_available" time="1.028" /><testcase classname="tests.test_openai_integration" name="test_api_invalid_openai_configuration_is_unavailable_and_sanitized[overrides0]" time="0.790" /><testcase classname="tests.test_openai_integration" name="test_api_invalid_openai_configuration_is_unavailable_and_sanitized[overrides1]" time="0.620" /><testcase classname="tests.test_openai_integration" name="test_api_invalid_openai_configuration_is_unavailable_and_sanitized[overrides2]" time="0.421" /><testcase classname="tests.test_openai_integration" name="test_api_invalid_openai_configuration_is_unavailable_and_sanitized[overrides3]" time="0.717" /><testcase classname="tests.test_openai_integration" name="test_api_invalid_openai_configuration_is_unavailable_and_sanitized[overrides4]" time="0.708" /><testcase classname="tests.test_openai_integration" name="test_api_invalid_openai_configuration_is_unavailable_and_sanitized[overrides5]" time="0.645" /><testcase classname="tests.test_openai_integration" name="test_api_invalid_openai_configuration_is_unavailable_and_sanitized[overrides6]" time="0.713" /><testcase classname="tests.test_openai_integration" name="test_api_invalid_openai_configuration_is_unavailable_and_sanitized[overrides7]" time="0.892" /><testcase classname="tests.test_openai_integration" name="test_api_redacts_credentials_from_displayed_openai_model" time="0.852" /><testcase classname="tests.test_openai_integration" name="test_cli_init_missing_openai_key_exits_with_clear_message" time="0.621" /><testcase classname="tests.test_openai_integration" name="test_cli_doctor_openai_discovers_models_with_safe_sdk_and_redacted_output" time="0.008" /><testcase classname="tests.test_openai_integration" name="test_openai_langchain_sms_pipeline_uses_offline_fixture_and_real_validation" time="5.416" /><testcase classname="tests.test_openai_provider" name="test_sdk_stateless_json_call_and_usage_are_audited" time="0.004" /><testcase classname="tests.test_openai_provider" name="test_rejects_unsafe_or_invalid_endpoint[http://api.openai.com/v1]" time="0.003" /><testcase classname="tests.test_openai_provider" name="test_rejects_unsafe_or_invalid_endpoint[https:///v1]" time="0.003" /><testcase classname="tests.test_openai_provider" name="test_rejects_unsafe_or_invalid_endpoint[https://user:password@example.com/v1]" time="0.003" /><testcase classname="tests.test_openai_provider" name="test_rejects_unsafe_or_invalid_endpoint[https://example.com/v1?key=x]" time="0.003" /><testcase classname="tests.test_openai_provider" name="test_rejects_unsafe_or_invalid_endpoint[https://example.com/v1#fragment]" time="0.003" /><testcase classname="tests.test_openai_provider" name="test_rejects_unsafe_or_invalid_endpoint[https://example.com/v1?]" time="0.003" /><testcase classname="tests.test_openai_provider" name="test_rejects_unsafe_or_invalid_endpoint[https://example.com/v1#]" time="0.002" /><testcase classname="tests.test_openai_provider" name="test_rejects_unsafe_or_invalid_endpoint[https://example.com:invalid/v1]" time="0.002" /><testcase classname="tests.test_openai_provider" name="test_rejects_unsafe_or_invalid_endpoint[https://exa mple.com/v1]" time="0.002" /><testcase classname="tests.test_openai_provider" name="test_rejects_unsafe_or_invalid_endpoint[https://example.com/openai-fixture-secret]" time="0.002" /><testcase classname="tests.test_openai_provider" name="test_official_and_custom_endpoints_are_explicit" time="0.002" /><testcase classname="tests.test_openai_provider" name="test_required_configuration_is_validated[overrides0]" time="0.002" /><testcase classname="tests.test_openai_provider" name="test_required_configuration_is_validated[overrides1]" time="0.001" /><testcase classname="tests.test_openai_provider" name="test_required_configuration_is_validated[overrides2]" time="0.001" /><testcase classname="tests.test_openai_provider" name="test_model_default_reasoning_omits_field" time="0.001" /><testcase classname="tests.test_openai_provider" name="test_explicit_proxy_is_sent_only_to_transport_and_hidden_from_metadata[http://127.0.0.1:7890]" time="0.008" /><testcase classname="tests.test_openai_provider" name="test_explicit_proxy_is_sent_only_to_transport_and_hidden_from_metadata[https://proxy-user:proxy-password@proxy.example:8443]" time="0.005" /><testcase classname="tests.test_openai_provider" name="test_empty_proxy_ignores_environment_proxy" time="0.001" /><testcase classname="tests.test_openai_provider" name="test_invalid_proxy_is_rejected_without_leaking_configuration[socks5://proxy.example:1080]" time="0.002" /><testcase classname="tests.test_openai_provider" name="test_invalid_proxy_is_rejected_without_leaking_configuration[file:///tmp/proxy]" time="0.001" /><testcase classname="tests.test_openai_provider" name="test_invalid_proxy_is_rejected_without_leaking_configuration[http:///missing-host]" time="0.001" /><testcase classname="tests.test_openai_provider" name="test_invalid_proxy_is_rejected_without_leaking_configuration[http://proxy.example:bad]" time="0.001" /><testcase classname="tests.test_openai_provider" name="test_invalid_proxy_is_rejected_without_leaking_configuration[http://proxy.example:8080?password=secret]" time="0.002" /><testcase classname="tests.test_openai_provider" name="test_invalid_proxy_is_rejected_without_leaking_configuration[https://proxy.example:8443#fragment]" time="0.001" /><testcase classname="tests.test_openai_provider" name="test_invalid_proxy_is_rejected_without_leaking_configuration[http://proxy.example:8080?]" time="0.001" /><testcase classname="tests.test_openai_provider" name="test_invalid_proxy_is_rejected_without_leaking_configuration[http://proxy.example:8080#]" time="0.001" /><testcase classname="tests.test_openai_provider" name="test_invalid_proxy_is_rejected_without_leaking_configuration[http://proxy example:8080]" time="0.001" /><testcase classname="tests.test_openai_provider" name="test_proxy_url_and_encoded_credentials_are_redacted_from_sdk_metadata" time="0.001" /><testcase classname="tests.test_openai_provider" name="test_nontransient_http_failure_is_sanitized_without_retry[301]" time="0.005" /><testcase classname="tests.test_openai_provider" name="test_nontransient_http_failure_is_sanitized_without_retry[302]" time="0.002" /><testcase classname="tests.test_openai_provider" name="test_nontransient_http_failure_is_sanitized_without_retry[307]" time="0.001" /><testcase classname="tests.test_openai_provider" name="test_nontransient_http_failure_is_sanitized_without_retry[400]" time="0.001" /><testcase classname="tests.test_openai_provider" name="test_nontransient_http_failure_is_sanitized_without_retry[401]" time="0.002" /><testcase classname="tests.test_openai_provider" name="test_nontransient_http_failure_is_sanitized_without_retry[403]" time="0.001" /><testcase classname="tests.test_openai_provider" name="test_nontransient_http_failure_is_sanitized_without_retry[404]" time="0.002" /><testcase classname="tests.test_openai_provider" name="test_transient_retry_is_explicit_and_counts_budget[429]" time="0.001" /><testcase classname="tests.test_openai_provider" name="test_transient_retry_is_explicit_and_counts_budget[500]" time="0.001" /><testcase classname="tests.test_openai_provider" name="test_transient_retry_is_explicit_and_counts_budget[502]" time="0.002" /><testcase classname="tests.test_openai_provider" name="test_transient_retry_is_explicit_and_counts_budget[503]" time="0.001" /><testcase classname="tests.test_openai_provider" name="test_transient_retry_is_explicit_and_counts_budget[504]" time="0.001" /><testcase classname="tests.test_openai_provider" name="test_transport_retry_is_bounded_and_sanitized" time="0.001" /><testcase classname="tests.test_openai_provider" name="test_exhausted_budgets_prevent_sdk_call[overrides0]" time="0.001" /><testcase classname="tests.test_openai_provider" name="test_exhausted_budgets_prevent_sdk_call[overrides1]" time="0.002" /><testcase classname="tests.test_openai_provider" name="test_exhausted_budgets_prevent_sdk_call[overrides2]" time="0.001" /><testcase classname="tests.test_openai_provider" name="test_json_input_envelope_is_included_in_conservative_budget[-1]" time="0.001" /><testcase classname="tests.test_openai_provider" name="test_json_input_envelope_is_included_in_conservative_budget[0]" time="0.001" /><testcase classname="tests.test_openai_provider" name="test_remaining_output_and_deadline_cap_request" time="0.001" /><testcase classname="tests.test_openai_provider" name="test_retry_stops_when_call_budget_is_exhausted" time="0.001" /><testcase classname="tests.test_openai_provider" name="test_retry_stops_after_deadline" time="0.001" /><testcase classname="tests.test_openai_provider" name="test_expired_deadline_prevents_sdk_call" time="0.001" /><testcase classname="tests.test_openai_provider" name="test_deadline_expiring_during_response_keeps_billed_usage" time="0.001" /><testcase classname="tests.test_openai_provider" name="test_unexpected_upstream_token_overrun_is_recorded_and_fails[input_tokens-200001]" time="0.001" /><testcase classname="tests.test_openai_provider" name="test_unexpected_upstream_token_overrun_is_recorded_and_fails[output_tokens-40001]" time="0.001" /><testcase classname="tests.test_openai_provider" name="test_checkpoint_cancellation_prevents_sdk_call" time="0.001" /><testcase classname="tests.test_openai_provider" name="test_invalid_or_incomplete_output_keeps_usage_and_rejects_content[remote0]" time="0.001" /><testcase classname="tests.test_openai_provider" name="test_invalid_or_incomplete_output_keeps_usage_and_rejects_content[remote1]" time="0.001" /><testcase classname="tests.test_openai_provider" name="test_invalid_or_incomplete_output_keeps_usage_and_rejects_content[remote2]" time="0.001" /><testcase classname="tests.test_openai_provider" name="test_invalid_or_incomplete_output_keeps_usage_and_rejects_content[remote3]" time="0.001" /><testcase classname="tests.test_openai_provider" name="test_invalid_or_incomplete_output_keeps_usage_and_rejects_content[remote4]" time="0.001" /><testcase classname="tests.test_openai_provider" name="test_invalid_or_incomplete_output_keeps_usage_and_rejects_content[remote5]" time="0.001" /><testcase classname="tests.test_openai_provider" name="test_invalid_or_incomplete_output_keeps_usage_and_rejects_content[remote6]" time="0.001" /><testcase classname="tests.test_openai_provider" name="test_invalid_or_incomplete_output_keeps_usage_and_rejects_content[remote7]" time="0.001" /><testcase classname="tests.test_openai_provider" name="test_invalid_or_incomplete_output_keeps_usage_and_rejects_content[remote8]" time="0.001" /><testcase classname="tests.test_openai_provider" name="test_refusal_does_not_leak_text_or_recall_model" time="0.001" /><testcase classname="tests.test_openai_provider" name="test_missing_or_invalid_usage_blocks_further_spending[None]" time="0.002" /><testcase classname="tests.test_openai_provider" name="test_missing_or_invalid_usage_blocks_further_spending[usage1]" time="0.001" /><testcase classname="tests.test_openai_provider" name="test_missing_or_invalid_usage_blocks_further_spending[usage2]" time="0.001" /><testcase classname="tests.test_openai_provider" name="test_missing_or_invalid_usage_blocks_further_spending[usage3]" time="0.002" /><testcase classname="tests.test_openai_provider" name="test_missing_or_invalid_usage_blocks_further_spending[usage4]" time="0.001" /><testcase classname="tests.test_openai_provider" name="test_missing_or_invalid_usage_blocks_further_spending[usage5]" time="0.002" /><testcase classname="tests.test_openai_provider" name="test_reasoning_content_and_credential_echo_are_not_saved" time="0.001" /><testcase classname="tests.test_openai_provider" name="test_configuration_reads_server_secrets_and_preserves_empty_reasoning" time="0.003" /><testcase classname="tests.test_openai_provider" name="test_actual_sdk_posts_responses_with_closed_transport" time="0.140" /><testcase classname="tests.test_openai_provider" name="test_actual_sdk_does_not_forward_credentials_on_redirect" time="0.003" /><testcase classname="tests.test_optimization" name="test_frontier_preserves_tradeoffs_and_original_selection" time="0.001" /><testcase classname="tests.test_optimization" name="test_missing_costs_cannot_appear_free[None]" time="0.001" /><testcase classname="tests.test_optimization" name="test_missing_costs_cannot_appear_free[nan]" time="0.001" /><testcase classname="tests.test_optimization" name="test_missing_costs_cannot_appear_free[inf]" time="0.001" /><testcase classname="tests.test_optimization" name="test_missing_costs_cannot_appear_free[-1]" time="0.001" /><testcase classname="tests.test_optimization" name="test_missing_costs_cannot_appear_free[True]" time="0.001" /><testcase classname="tests.test_optimization" name="test_missing_costs_cannot_appear_free[1]" time="0.001" /><testcase classname="tests.test_optimization" name="test_failed_candidates_and_out_of_range_ap_excluded" time="0.001" /><testcase classname="tests.test_optimization" name="test_parent_child_changes_record_improvement_without_claiming_speedup" time="0.001" /><testcase classname="tests.test_optimization" name="test_html_analysis_escapes_candidate_names" time="0.001" /><testcase classname="tests.test_optimization" name="test_api_derives_analysis_without_rewriting_historical_report" time="0.908" /><testcase classname="tests.test_plugins" name="test_registry_starts_empty_and_brier_example_is_explicit" time="0.002" /><testcase classname="tests.test_plugins" name="test_metric_namespace_cannot_replace_a_core_metric" time="0.002" /><testcase classname="tests.test_plugins" name="test_metric_and_template_collisions_are_rejected" time="0.002" /><testcase classname="tests.test_plugins" name="test_malicious_or_invalid_metric_results_fail_closed[nan]" time="0.002" /><testcase classname="tests.test_plugins" name="test_malicious_or_invalid_metric_results_fail_closed[inf]" time="0.002" /><testcase classname="tests.test_plugins" name="test_malicious_or_invalid_metric_results_fail_closed[-inf]" time="0.002" /><testcase classname="tests.test_plugins" name="test_malicious_or_invalid_metric_results_fail_closed[0.5]" time="0.002" /><testcase classname="tests.test_plugins" name="test_malicious_or_invalid_metric_results_fail_closed[None]" time="0.002" /><testcase classname="tests.test_plugins" name="test_malicious_or_invalid_metric_results_fail_closed[True]" time="0.002" /><testcase classname="tests.test_plugins" name="test_malicious_or_invalid_metric_results_fail_closed[result6]" time="0.002" /><testcase classname="tests.test_plugins" name="test_malicious_or_invalid_metric_results_fail_closed[1j]" time="0.002" /><testcase classname="tests.test_plugins" name="test_metric_exception_is_reported_instead_of_zero" time="0.002" /><testcase classname="tests.test_plugins" name="test_snapshot_is_stable_when_plugin_registers_another_metric" time="0.001" /><testcase classname="tests.test_plugins" name="test_plugins_cannot_mutate_evaluator_input_sequences" time="0.001" /><testcase classname="tests.test_plugins" name="test_concurrent_duplicate_registration_has_exactly_one_winner" time="0.003" /><testcase classname="tests.test_plugins" name="test_fallback_preserves_existing_reference_and_variant" time="0.001" /><testcase classname="tests.test_plugins" name="test_modified_valid_template_reaches_registry_and_stays_ast_valid" time="0.002" /><testcase classname="tests.test_plugins" name="test_registry_does_not_bypass_independent_ast_rejection" time="0.001" /><testcase classname="tests.test_plugins" name="test_registration_does_not_add_tasks_or_algorithms[new_task-logistic]" time="0.002" /><testcase classname="tests.test_plugins" name="test_registration_does_not_add_tasks_or_algorithms[tabular_binary_classification-xgboost]" time="0.001" /><testcase classname="tests.test_plugins" name="test_registration_does_not_add_tasks_or_algorithms[tabular_binary_classification-nb]" time="0.002" /><testcase classname="tests.test_plugins" name="test_invalid_template_output_is_rejected[None]" time="0.002" /><testcase classname="tests.test_plugins" name="test_invalid_template_output_is_rejected[]" time="0.001" /><testcase classname="tests.test_plugins" name="test_invalid_template_output_is_rejected[   ]" time="0.001" /><testcase classname="tests.test_plugins" name="test_invalid_template_output_is_rejected[123]" time="0.001" /><testcase classname="tests.test_plugins" name="test_invalid_registration_names_and_noncallables" time="0.001" /><testcase classname="tests.test_plugins" name="test_brier_input_contract_is_explicit" time="0.001" /><testcase classname="tests.test_providers" name="test_real_response_usage_and_hashes_are_recorded" time="0.002" /><testcase classname="tests.test_providers" name="test_credentials_never_sent_to_unapproved_host[http://api.deepseek.com]" time="0.001" /><testcase classname="tests.test_providers" name="test_credentials_never_sent_to_unapproved_host[https://attacker.invalid]" time="0.003" /><testcase classname="tests.test_providers" name="test_credentials_never_sent_to_unapproved_host[https://api.deepseek.com@attacker.invalid]" time="0.001" /><testcase classname="tests.test_providers" name="test_credentials_never_sent_to_unapproved_host[https://user:password@api.deepseek.com]" time="0.001" /><testcase classname="tests.test_providers" name="test_unauthorized_does_not_retry_or_fallback" time="0.001" /><testcase classname="tests.test_providers" name="test_transient_retry_still_counts_budget" time="0.001" /><testcase classname="tests.test_providers" name="test_invalid_or_truncated_output_is_rejected[not-json-stop]" time="0.001" /><testcase classname="tests.test_providers" name="test_invalid_or_truncated_output_is_rejected[[]-stop]" time="0.001" /><testcase classname="tests.test_providers" name="test_invalid_or_truncated_output_is_rejected[{&quot;ok&quot;:true}-length]" time="0.001" /><testcase classname="tests.test_providers" name="test_call_and_context_budget_checked_before_network" time="0.001" /><testcase classname="tests.test_providers" name="test_local_provider_never_receives_deepseek_key" time="0.001" /><testcase classname="tests.test_providers" name="test_local_provider_round_robins_four_replicas" time="0.001" /><testcase classname="tests.test_providers" name="test_retry_never_sends_request_after_absolute_deadline" time="0.001" /><testcase classname="tests.test_providers" name="test_null_content_is_controlled_response_failure" time="0.001" /><testcase classname="tests.test_reporting" name="test_html_preserves_measured_values_and_run_identity" time="0.001" /><testcase classname="tests.test_reporting" name="test_untrusted_top_level_values_are_escaped[run_id]" time="0.002" /><testcase classname="tests.test_reporting" name="test_untrusted_top_level_values_are_escaped[description]" time="0.002" /><testcase classname="tests.test_reporting" name="test_untrusted_top_level_values_are_escaped[model]" time="0.002" /><testcase classname="tests.test_reporting" name="test_untrusted_top_level_values_are_escaped[status]" time="0.002" /><testcase classname="tests.test_reporting" name="test_untrusted_top_level_values_are_escaped[mode]" time="0.002" /><testcase classname="tests.test_reporting" name="test_nested_model_text_and_metric_names_are_escaped" time="0.002" /><testcase classname="tests.test_reporting" name="test_empty_report_does_not_invent_success_or_metrics" time="0.001" /><testcase classname="tests.test_reporting" name="test_null_and_partial_structures_do_not_crash_or_imply_selection" time="0.001" /><testcase classname="tests.test_reporting" name="test_mode_never_silently_upgrades_to_real[mock-\u6a21\u62df LLM]" time="0.001" /><testcase classname="tests.test_reporting" name="test_mode_never_silently_upgrades_to_real[replay-\u5386\u53f2\u56de\u653e]" time="0.001" /><testcase classname="tests.test_reporting" name="test_mode_never_silently_upgrades_to_real[unknown-provider-\u672a\u8bc6\u522b\u6a21\u5f0f]" time="0.001" /><testcase classname="tests.test_reporting" name="test_write_report_preserves_source_and_safe_fixed_paths" time="0.002" /><testcase classname="tests.test_reporting" name="test_nonfinite_observations_are_json_null_not_zero" time="0.002" /><testcase classname="tests.test_reporting" name="test_markdown_fence_cannot_be_closed_by_model_text" time="0.001" /><testcase classname="tests.test_reporting" name="test_html_is_self_contained_and_has_restrictive_policy" time="0.002" /><testcase classname="tests.test_repository" name="test_git_blobs_ignore_worktree_and_never_execute_source" time="0.161" /><testcase classname="tests.test_repository" name="test_repository_ingestion_versions_and_retrieval" time="1.297" /><testcase classname="tests.test_repository" name="test_paths_are_explicit_committed_python_files[../algorithm.py]" time="0.028" /><testcase classname="tests.test_repository" name="test_paths_are_explicit_committed_python_files[/tmp/algorithm.py]" time="0.117" /><testcase classname="tests.test_repository" name="test_paths_are_explicit_committed_python_files[./algorithm.py]" time="0.114" /><testcase classname="tests.test_repository" name="test_paths_are_explicit_committed_python_files[secret.env]" time="0.030" /><testcase classname="tests.test_repository" name="test_paths_are_explicit_committed_python_files[a:evil.py]" time="0.086" /><testcase classname="tests.test_repository" name="test_paths_are_explicit_committed_python_files[missing.py]" time="0.034" /><testcase classname="tests.test_repository" name="test_symlinks_and_oversized_blobs_rejected" time="0.077" /><testcase classname="tests.test_repository" name="test_source_urls_never_accept_credentials" time="0.064" /><testcase classname="tests.test_repository" name="test_cli_ingestion_and_offline_openapi" time="1.810" /><testcase classname="tests.test_search" name="test_duplicate_algorithm_variant_rejected_even_with_distinct_ids" time="0.001" /><testcase classname="tests.test_search" name="test_invalid_nb_variant_and_fake_evidence_rejected" time="0.001" /><testcase classname="tests.test_search" name="test_beam_limits_two_children_and_preserves_parent_algorithm" time="0.001" /><testcase classname="tests.test_search" name="test_constructor_fingerprint_ignores_comments_and_step_names" time="0.002" /><testcase classname="tests.test_search" name="test_expansion_capacity_counts_unique_feasible_children[algorithms0-variants0-1]" time="0.001" /><testcase classname="tests.test_search" name="test_expansion_capacity_counts_unique_feasible_children[algorithms1-variants1-2]" time="0.001" /><testcase classname="tests.test_search" name="test_expansion_capacity_counts_unique_feasible_children[algorithms2-variants2-2]" time="0.001" /><testcase classname="tests.test_search" name="test_expansion_capacity_counts_unique_feasible_children[algorithms3-variants3-4]" time="0.001" /><testcase classname="tests.test_search" name="test_expansion_capacity_counts_unique_feasible_children[algorithms4-variants4-0]" time="0.001" /><testcase classname="tests.test_search" name="test_expansion_capacity_counts_unique_feasible_children[algorithms5-variants5-0]" time="0.001" /><testcase classname="tests.test_search_variants" name="test_initial_variants_require_real_parameter_effects[logistic-balanced-parameters0]" time="0.001" /><testcase classname="tests.test_search_variants" name="test_initial_variants_require_real_parameter_effects[forest-balanced-parameters1]" time="0.001" /><testcase classname="tests.test_search_variants" name="test_initial_variants_require_real_parameter_effects[extra_trees-balanced-parameters2]" time="0.001" /><testcase classname="tests.test_search_variants" name="test_initial_variants_require_real_parameter_effects[logistic-regularized-parameters3]" time="0.001" /><testcase classname="tests.test_search_variants" name="test_initial_variants_require_real_parameter_effects[nb-regularized-parameters4]" time="0.001" /><testcase classname="tests.test_search_variants" name="test_initial_variants_require_real_parameter_effects[forest-regularized-parameters5]" time="0.001" /><testcase classname="tests.test_search_variants" name="test_initial_variants_require_real_parameter_effects[extra_trees-regularized-parameters6]" time="0.001" /><testcase classname="tests.test_search_variants" name="test_initial_variants_require_real_parameter_effects[forest-shallower-parameters7]" time="0.001" /><testcase classname="tests.test_search_variants" name="test_initial_variants_require_real_parameter_effects[extra_trees-shallower-parameters8]" time="0.001" /><testcase classname="tests.test_search_variants" name="test_label_only_or_wrong_direction_variants_fail[logistic-balanced-parameters0]" time="0.001" /><testcase classname="tests.test_search_variants" name="test_label_only_or_wrong_direction_variants_fail[logistic-balanced-parameters1]" time="0.001" /><testcase classname="tests.test_search_variants" name="test_label_only_or_wrong_direction_variants_fail[forest-balanced-parameters2]" time="0.001" /><testcase classname="tests.test_search_variants" name="test_label_only_or_wrong_direction_variants_fail[extra_trees-balanced-parameters3]" time="0.001" /><testcase classname="tests.test_search_variants" name="test_label_only_or_wrong_direction_variants_fail[logistic-regularized-parameters4]" time="0.001" /><testcase classname="tests.test_search_variants" name="test_label_only_or_wrong_direction_variants_fail[logistic-regularized-parameters5]" time="0.001" /><testcase classname="tests.test_search_variants" name="test_label_only_or_wrong_direction_variants_fail[logistic-regularized-parameters6]" time="0.001" /><testcase classname="tests.test_search_variants" name="test_label_only_or_wrong_direction_variants_fail[nb-regularized-parameters7]" time="0.001" /><testcase classname="tests.test_search_variants" name="test_label_only_or_wrong_direction_variants_fail[forest-regularized-parameters8]" time="0.001" /><testcase classname="tests.test_search_variants" name="test_label_only_or_wrong_direction_variants_fail[extra_trees-regularized-parameters9]" time="0.001" /><testcase classname="tests.test_search_variants" name="test_label_only_or_wrong_direction_variants_fail[forest-shallower-parameters10]" time="0.001" /><testcase classname="tests.test_search_variants" name="test_label_only_or_wrong_direction_variants_fail[extra_trees-shallower-parameters11]" time="0.001" /><testcase classname="tests.test_search_variants" name="test_children_compare_actual_parent_values_not_initial_defaults[logistic-C-regularized-0.1-0.05-0.25]" time="0.001" /><testcase classname="tests.test_search_variants" name="test_children_compare_actual_parent_values_not_initial_defaults[nb-alpha-regularized-3.0-4.0-2.0]" time="0.001" /><testcase classname="tests.test_search_variants" name="test_children_compare_actual_parent_values_not_initial_defaults[forest-min_samples_leaf-regularized-10-12-5]" time="0.001" /><testcase classname="tests.test_search_variants" name="test_children_compare_actual_parent_values_not_initial_defaults[extra_trees-min_samples_leaf-regularized-0.02-0.05-0.01]" time="0.001" /><testcase classname="tests.test_search_variants" name="test_children_compare_actual_parent_values_not_initial_defaults[forest-max_depth-shallower-6-4-8]" time="0.001" /><testcase classname="tests.test_search_variants" name="test_logistic_numeric_contract_rejects_invalid_types_and_values[True]" time="0.001" /><testcase classname="tests.test_search_variants" name="test_logistic_numeric_contract_rejects_invalid_types_and_values[False]" time="0.001" /><testcase classname="tests.test_search_variants" name="test_logistic_numeric_contract_rejects_invalid_types_and_values[0.25]" time="0.001" /><testcase classname="tests.test_search_variants" name="test_logistic_numeric_contract_rejects_invalid_types_and_values[None]" time="0.001" /><testcase classname="tests.test_search_variants" name="test_logistic_numeric_contract_rejects_invalid_types_and_values[inf]" time="0.001" /><testcase classname="tests.test_search_variants" name="test_logistic_numeric_contract_rejects_invalid_types_and_values[nan]" time="0.001" /><testcase classname="tests.test_search_variants" name="test_logistic_numeric_contract_rejects_invalid_types_and_values[-1]" time="0.001" /><testcase classname="tests.test_search_variants" name="test_logistic_numeric_contract_rejects_invalid_types_and_values[0]" time="0.001" /><testcase classname="tests.test_search_variants" name="test_booleans_cannot_masquerade_as_numeric_parameters[nb-alpha-regularized]" time="0.001" /><testcase classname="tests.test_search_variants" name="test_booleans_cannot_masquerade_as_numeric_parameters[forest-min_samples_leaf-regularized]" time="0.001" /><testcase classname="tests.test_search_variants" name="test_booleans_cannot_masquerade_as_numeric_parameters[forest-max_depth-shallower]" time="0.001" /><testcase classname="tests.test_search_variants" name="test_nb_default_and_clipped_smoothing_are_handled_as_actual_values" time="0.001" /><testcase classname="tests.test_search_variants" name="test_fractional_leaf_values_cannot_be_compared_to_counts_without_row_count" time="0.001" /><testcase classname="tests.test_search_variants" name="test_shallower_from_unbounded_parent_and_default_unconstrained" time="0.001" /><testcase classname="tests.test_search_variants" name="test_incompatible_variants_and_parent_algorithm_are_rejected" time="0.001" /><testcase classname="tests.test_search_variants" name="test_real_reference_constructor_metadata_passes_variant_contract[logistic-balanced]" time="0.004" /><testcase classname="tests.test_search_variants" name="test_real_reference_constructor_metadata_passes_variant_contract[logistic-regularized]" time="0.002" /><testcase classname="tests.test_search_variants" name="test_real_reference_constructor_metadata_passes_variant_contract[forest-balanced]" time="0.001" /><testcase classname="tests.test_search_variants" name="test_real_reference_constructor_metadata_passes_variant_contract[forest-regularized]" time="0.001" /><testcase classname="tests.test_search_variants" name="test_real_reference_constructor_metadata_passes_variant_contract[forest-shallower]" time="0.001" /><testcase classname="tests.test_search_variants" name="test_real_reference_constructor_metadata_passes_variant_contract[extra_trees-regularized]" time="0.001" /><testcase classname="tests.test_search_variants" name="test_real_reference_constructor_metadata_passes_variant_contract[nb-regularized]" time="0.001" /><testcase classname="tests.test_webui" name="test_workbench_mount_does_not_shadow_api_or_leak_repository" time="0.658" /><testcase classname="tests.test_webui" name="test_missing_build_is_actionable_and_does_not_break_api" time="0.618" /><testcase classname="tests.test_webui" name="test_ui_gateway_uses_fixed_backend_and_preserves_reports" time="0.034" /><testcase classname="tests.test_webui" name="test_offline_api_has_visible_error" time="0.013" /><testcase classname="tests.test_webui" name="test_ui_gateway_rejects_credential_or_non_http_urls[file:///etc/passwd]" time="0.003" /><testcase classname="tests.test_webui" name="test_ui_gateway_rejects_credential_or_non_http_urls[http://user:secret@localhost]" time="0.003" /><testcase classname="tests.test_webui" name="test_ui_gateway_rejects_credential_or_non_http_urls[http://localhost?key=hidden]" time="0.003" /><testcase classname="tests.test_workflow_budget" name="test_non_budget_numbers_do_not_tighten_deadline[\u6bd4\u8f83\u4e24\u4e2a\u7b97\u6cd5\u5019\u9009\uff0c\u6309\u9a8c\u8bc1\u96c6 AP \u9009\u62e9\u65b9\u6848\u5e76\u8f93\u51fa\u9a8c\u8bc1\u62a5\u544a\u3002]" time="0.002" /><testcase classname="tests.test_workflow_budget" name="test_non_budget_numbers_do_not_tighten_deadline[Compare 2 models and return a report.]" time="0.002" /><testcase classname="tests.test_workflow_budget" name="test_non_budget_numbers_do_not_tighten_deadline[\u6392\u9664 duration\uff0c\u901a\u8bdd\u65f6\u957f\u4e3a 10 \u79d2\u3002]" time="0.002" /><testcase classname="tests.test_workflow_budget" name="test_non_budget_numbers_do_not_tighten_deadline[Predict calls lasting within 2 minutes.]" time="0.001" /><testcase classname="tests.test_workflow_budget" name="test_non_budget_numbers_do_not_tighten_deadline[\u6a21\u578b\u6bcf\u6b21\u9884\u6d4b\u8017\u65f6 10 ms\uff0c\u751f\u6210\u9a8c\u8bc1\u62a5\u544a\u3002]" time="0.001" /><testcase classname="tests.test_workflow_budget" name="test_non_budget_numbers_do_not_tighten_deadline[\u9884\u7b97\u6709\u9650\uff0c\u8bf7\u4f7f\u7528 logistic \u548c forest\u3002]" time="0.001" /><testcase classname="tests.test_workflow_budget" name="test_non_budget_numbers_do_not_tighten_deadline[\u4efb\u52a1\u9884\u7b97\u672a\u6307\u5b9a\uff0c\u6bd4\u8f83 2 models\u3002]" time="0.001" /><testcase classname="tests.test_workflow_budget" name="test_explicit_numeric_limit_is_normalized[\u6574\u4e2a\u4efb\u52a1\u6700\u591a\u8fd0\u884c 120 \u79d2\u3002-120]" time="0.001" /><testcase classname="tests.test_workflow_budget" name="test_explicit_numeric_limit_is_normalized[Finish the run within 2 minutes.-120]" time="0.001" /><testcase classname="tests.test_workflow_budget" name="test_explicit_numeric_limit_is_normalized[\u8fd0\u884c\u65f6\u95f4\u4e0d\u8d85\u8fc7 1.5 \u5206\u949f\u3002-90]" time="0.001" /><testcase classname="tests.test_workflow_budget" name="test_explicit_numeric_limit_is_normalized[\u5168\u6d41\u7a0b\u5728 60 \u79d2\u5185\u5b8c\u6210\u3002-60]" time="0.001" /><testcase classname="tests.test_workflow_budget" name="test_explicit_numeric_limit_is_normalized[Run budget: 2 min-120]" time="0.001" /><testcase classname="tests.test_workflow_budget" name="test_explicit_numeric_limit_is_normalized[timeout=30s-30]" time="0.001" /><testcase classname="tests.test_workflow_budget" name="test_explicit_numeric_limit_is_normalized[\u4efb\u52a1\u6700\u591a\u8fd0\u884c 5 \u79d2-10]" time="0.001" /><testcase classname="tests.test_workflow_budget" name="test_explicit_numeric_limit_is_normalized[\u9884\u7b97 120 \u79d2\uff0c\u8fd0\u884c\u65f6\u95f4\u9650\u5236\u4e3a 60 \u79d2-60]" time="0.001" /><testcase classname="tests.test_workflow_runtime" name="test_mock_repair_is_real_revalidation_and_memory_writeback" time="7.810" /><testcase classname="tests.test_workflow_runtime" name="test_sms_mock_beam_uses_legal_variants" time="13.823" /><testcase classname="tests.test_workflow_runtime" name="test_early_cancellation_persists_terminal_status" time="1.999" /><testcase classname="tests.test_workflow_runtime" name="test_missing_key_fails_without_mock_fallback" time="1.055" /><testcase classname="tests.test_workflow_runtime" name="test_run_id_traversal_rejected" time="0.991" /><testcase classname="tests.test_workflow_runtime" name="test_single_shot_has_no_hidden_roles_or_retrieval" time="4.623" /><testcase classname="tests.test_workflow_runtime" name="test_only_immediately_successful_repair_becomes_verified_memory" time="7.869" /><testcase classname="tests.test_workflow_runtime" name="test_cancel_preserves_returned_worker_termination_evidence" time="3.674" /><testcase classname="tests.test_workflow_runtime" name="test_nonrepairable_reviewer_keeps_failed_experience" time="5.516" /><testcase classname="tests.test_workflow_runtime" name="test_report_write_failure_cannot_leave_terminal_success" time="4.545" /><testcase classname="tests.test_workflow_runtime" name="test_curator_failure_does_not_leave_passed_status" time="3.635" /><testcase classname="tests.test_workflow_runtime" name="test_deadline_uses_verified_user_budget[fractional-clock-\u6bd4\u8f83\u4e24\u4e2a\u7b97\u6cd5\u5e76\u8f93\u51fa\u9a8c\u8bc1\u62a5\u544a-10-900-900]" time="5.501" /><testcase classname="tests.test_workflow_runtime" name="test_deadline_uses_verified_user_budget[fractional-clock-Compare 2 models and return a report-10-900-900]" time="5.108" /><testcase classname="tests.test_workflow_runtime" name="test_deadline_uses_verified_user_budget[fractional-clock-\u6574\u4e2a\u4efb\u52a1\u6700\u591a\u8fd0\u884c 120 \u79d2-10-900-120]" time="5.476" /><testcase classname="tests.test_workflow_runtime" name="test_deadline_uses_verified_user_budget[fractional-clock-\u6574\u4e2a\u4efb\u52a1\u6700\u591a\u8fd0\u884c 120 \u79d2-None-900-120]" time="6.022" /><testcase classname="tests.test_workflow_runtime" name="test_deadline_uses_verified_user_budget[fractional-clock-\u6574\u4e2a\u4efb\u52a1\u6700\u591a\u8fd0\u884c 1800 \u79d2-1800-120-120]" time="5.062" /><testcase classname="tests.test_workflow_runtime" name="test_deadline_uses_verified_user_budget[long-running-host-\u6bd4\u8f83\u4e24\u4e2a\u7b97\u6cd5\u5e76\u8f93\u51fa\u9a8c\u8bc1\u62a5\u544a-10-900-900]" time="4.722" /><testcase classname="tests.test_workflow_runtime" name="test_deadline_uses_verified_user_budget[long-running-host-Compare 2 models and return a report-10-900-900]" time="5.238" /><testcase classname="tests.test_workflow_runtime" name="test_deadline_uses_verified_user_budget[long-running-host-\u6574\u4e2a\u4efb\u52a1\u6700\u591a\u8fd0\u884c 120 \u79d2-10-900-120]" time="5.262" /><testcase classname="tests.test_workflow_runtime" name="test_deadline_uses_verified_user_budget[long-running-host-\u6574\u4e2a\u4efb\u52a1\u6700\u591a\u8fd0\u884c 120 \u79d2-None-900-120]" time="5.604" /><testcase classname="tests.test_workflow_runtime" name="test_deadline_uses_verified_user_budget[long-running-host-\u6574\u4e2a\u4efb\u52a1\u6700\u591a\u8fd0\u884c 1800 \u79d2-1800-120-120]" time="4.671" /><testcase classname="tests.test_workflow_runtime" name="test_same_algorithm_parents_expand_one_unique_child[mock]" time="7.785" /><testcase classname="tests.test_workflow_runtime" name="test_same_algorithm_parents_expand_one_unique_child[local_http]" time="7.408" /><testcase classname="tests.test_workflow_runtime" name="test_invalid_optional_beam_plan_preserves_verified_parents[schema]" time="7.752" /><testcase classname="tests.test_workflow_runtime" name="test_invalid_optional_beam_plan_preserves_verified_parents[semantics]" time="7.714" /><testcase classname="ui.test_ui" name="test_all_views_render_from_http_contract[\u4efb\u52a1\u4e0e\u76d1\u63a7]" time="0.751" /><testcase classname="ui.test_ui" name="test_all_views_render_from_http_contract[\u4ee3\u7801\u4e0e\u62a5\u544a]" time="0.421" /><testcase classname="ui.test_ui" name="test_all_views_render_from_http_contract[\u77e5\u8bc6\u56fe\u8c31]" time="0.574" /><testcase classname="ui.test_ui" name="test_all_views_render_from_http_contract[\u5386\u53f2\u4e0e\u8d44\u6e90]" time="0.377" /><testcase classname="ui.test_ui" name="test_submission_explicitly_sends_provider_and_constraints" time="0.372" /><testcase classname="ui.test_ui" name="test_offline_backend_is_visible_error" time="0.302" /><testcase classname="ui.test_ui" name="test_model_provider_is_an_explicit_http_backend[local_http]" time="0.496" /><testcase classname="ui.test_ui" name="test_model_provider_is_an_explicit_http_backend[openai]" time="0.384" /><testcase classname="ui.test_ui" name="test_monitor_renders_stage_timeline_and_missing_metrics_as_dash" time="0.380" /><testcase classname="ui.test_ui" name="test_responses_deployment_label_in_monitor_and_report[official_api-OpenAI \u5b98\u65b9 API \xb7 Responses]" time="0.417" /><testcase classname="ui.test_ui" name="test_responses_deployment_label_in_monitor_and_report[openai_compatible_api-OpenAI \u517c\u5bb9\u670d\u52a1 \xb7 Responses]" time="0.542" /></testsuite></testsuites>